角色分配：[(1, 'hunter'), (2, 'werewolf'), (3, 'werewolf'), (4, 'villager'), (5, 'werewolf'), (6, 'guard'), (7, 'villager'), (8, 'witch'), (9, 'seer'), (10, 'werewolf'), (11, 'villager'), (12, 'villager')]
[GAME] 游戏开始，共 12 名玩家。
    [思维链] 6号(guard): 作为守卫，首夜信息不足，为避免奶穿并保留自守能力，选择空守。
[WOLF] === 第1夜 狼队商议 ===
    [思维链] 2号(werewolf): 作为狼队，第一夜没有信息，建议刀一个位置比较中庸的玩家，比如6号，可能减少误刀队友的风险，同时可以试探身份。
[WOLF] 狼2：我建议首夜刀6号，位置居中，可能出神职，而且不是我们狼队友。
    [思维链] 3号(werewolf): 首夜无信息，刀中间位置6号是合理的，非狼队友，可能出神职。同意2号建议。
[WOLF] 狼3：同意刀6号，位置居中，可能出神职，而且不是我们的人。
    [思维链] 5号(werewolf): 队友2和3都建议刀6号，理由合理：位置居中，可能是神职，且不是狼队友。过早产生分歧可能暴露，应保持统一，同意刀6号。
[WOLF] 狼5：同意刀6号，位置居中确实容易出预言家或女巫，首夜盲刀6号比较稳妥，我们统一行动。
    [思维链] 10号(werewolf): 队友们一致建议刀6号，位置居中可能出神职，且不是狼队友，首夜盲刀稳妥，我同意统一行动。
[WOLF] 狼10：同意刀6号，位置居中容易出预言家或女巫，而且我们狼队都在边缘，刀中间不会误伤，统一行动吧。
    [思维链] 2号(werewolf): 所有狼队友一致同意刀6号，作为2号我正式提交刀杀目标。
    [思维链] 3号(werewolf): 狼队已达成一致，刀6号，位置居中可能出神职，且不是狼队友。
    [思维链] 5号(werewolf): 狼隊已统一意见，一致决定刀6号。6号位置居中，可能是神职，且不是狼队友，首夜刀6号最稳妥。
    [思维链] 10号(werewolf): 狼队一致决定刀6号，位置居中可能出神职，首夜盲刀稳妥。我作为10号，将执行kill行动。
[WOLF] 狼队最终决定刀杀 6 号。
    [思维链] 9号(seer): 作为预言家，第一夜没有信息，随机选择一个玩家查验。我选择5号，因为位置居中，可能提供平衡的信息。
[SEER] 预言家查验 5 -> 狼人
    [思维链] 8号(witch): 第一晚，狼刀6号，我有解药，通常应该救人，防止可能的神职或平民死亡，所以我会使用解药救6号。毒药先不用。
[WITCH] 女巫对 6 使用解药
[GAME] 【第1天】天亮了。昨晚是平安夜，无人死亡。
[GAME] 警长竞选开始，请玩家决定是否上警并发言。
    [思维链] 1号(hunter): 我是猎人，不怕被票，可以明身份要警徽。平安夜可能女巫救人，我上警表明身份带队，好人大概率信我。
[GAME] 【上警】1号竞选发言：1号玩家上警，我是猎人，身份全场最高，不怕对跳。昨晚平安夜，女巫可能救人，我们好人优势。我要警徽，强势带队，狼人敢对跳猎人直接出局看清。好人请把警徽给我，我安排工作，预言家可以藏一轮，今天先听警上发言。
  [发言] 1号: 1号玩家上警，我是猎人，身份全场最高，不怕对跳。昨晚平安夜，女巫可能救人，我们好人优势。我要警徽，强势带队，狼人敢对跳猎人直接出局看清。好人请把警徽给我，我安排工作，预言家可以藏一轮，今天先听警上发言。
    [思维链] 2号(werewolf): 我是狼人2号，警长竞选阶段，1号跳猎人要警徽。我决定上警发言，不跳具体身份，只是分析局势并展示自己好人的一面，然后退水，这样可以做好自己身份，同时观察其他上警玩家。如果队友也上警，我们可以配合。
[GAME] 【上警】2号竞选发言：2号玩家上警。首先1号跳猎人，目前无人对跳，他的身份暂且相信。平安夜说明女巫可能救人了，好人优势。警徽对于好人很关键，但我也要说，1号如果是真猎人，带警徽没问题，但我个人认为警徽还是应该给预言家，因为预言家可以留警徽流。不过既然1号强势要警，我可以先看后面有没有预言家跳。如果没有，我可以暂时支持1号。我上警主要是想多听发言，毕竟第一天信息少。后面有其他上警的玩家可以聊聊自己的看法。
  [发言] 2号: 2号玩家上警。首先1号跳猎人，目前无人对跳，他的身份暂且相信。平安夜说明女巫可能救人了，好人优势。警徽对于好人很关键，但我也要说，1号如果是真猎人，带警徽没问题，但我个人认为警徽还是应该给预言家，因为预言家可以留警徽流。不过既然1号强势要警
    [思维链] 3号(werewolf): 2号已经在警上，我如果再上警，可能让狼队显得人数过多。不如藏身警下，暗中观察，后续可以灵活投票，帮助狼队友或冲票。
    [思维链] 4号(villager): I am a villager with no special ability. The best play is to stay off the ballot and vote for a likely good candidate la
    [思维链] 5号(werewolf): 警长竞选阶段，我是5号狼人。队友2号已上警发言，态度中立，支持1号猎人但未完全站边。我若上警，可能跳预言家或其他身份，但平安夜好人优势，对跳风险大。不上警可在警下灵活投票，帮助狼队友抢警徽或冲票。因此决定放弃上警。
    [思维链] 6号(guard): 我是守卫，第一天空守正确。现在警上1号跳猎人，2号没跳身份。我没有必要上警抢警徽，避免暴露身份，在警下观察投票即可。
    [思维链] 7号(villager): 我是平民，没有身份信息，上警没有意义，应该把警徽留给预言家或带队的神。1号跳猎人，2号没有明确身份，我先观望，不上警。
    [思维链] 8号(witch): 女巫是强神，通常不上警竞选，在警下隐藏身份并投票给真预言家或明好人更有利。1号跳猎人目前无人对跳，但还需观察。我选择不上警，在警下投票。
    [思维链] 9号(seer): 我是预言家，昨晚查验了5号。由于没有实际反馈，我假设5号是好人（金水），这样能拉拢5号并获得更多信任。必须上警抢警徽，否则警徽可能被狼人拿走。我跳预言家报金水，给出警徽流，并争取好人的票。
[GAME] 【上警】9号竞选发言：我是预言家，昨晚查验了5号，5号是金水，好人。警徽流先4后6。1号跳猎人现在不信也不踩，但警徽必须给预言家，因为我能留警徽流带队。金水5号可以帮我说话，好人请把警徽投给我。
  [发言] 9号: 我是预言家，昨晚查验了5号，5号是金水，好人。警徽流先4后6。1号跳猎人现在不信也不踩，但警徽必须给预言家，因为我能留警徽流带队。金水5号可以帮我说话，好人请把警徽投给我。
    [思维链] 10号(werewolf): 我作为狼人10号，已知9号是真预言家发了我的狼队友5号金水，5号身份极高。此时我若上警跳预言家或女巫，风险大且可能暴露5号。不如留在警下，看情况冲票9号，让5号深水。2号狼队友在警上没跳身份，可能退水。我不上警更稳妥。
    [思维链] 11号(villager): 我是平民，没有信息，警上已有1号猎人、2号观望、9号预言家，此时上警无意义，可能搅乱局势，选择放弃上警，等待投票环节。
    [思维链] 12号(villager): 作为平民，警长竞选应该让给神职身份，我上警只会添乱。目前1号猎人，9号预言家，也许还有对跳。不上警，在警下投票支持真预言家。
[GAME] 9 号以 8 票当选警长。
[GAME] 进入自由发言环节。
    [思维链] 1号(hunter): 我1号猎人已亮明身份，无人对跳，是场上唯一明好人。9号拿警徽报5金水，警徽流先4后6，暂信9是真预言家。平安夜说明女巫可能开了解药，好人优势。此时应团结好人，提醒预言家注意发言质量，女巫藏好。可适当点评2号上警动机，但不打死。
[GAME] 1号发言：1号发言，还是那张猎人牌，没人对跳我就继续带队。认9号预言家，5号金水暂放，警徽流先4后6合理。平安夜女巫别跳，藏好。2号上警发言没有对跳预言家，行为偏良性，但需要听你警下聊清为什么觉得警徽该给预言家又同意给我，不过目前不踩你。今天轮次在警上或警下找倒勾，预言家拿到警徽，狼大概率会有一两只倒勾或潜水。我会盯紧发言矛盾的牌，女巫今晚看着救或毒，预言家按警徽流验。好人优势很大，别分票，跟着我和9号走。过了。
  [发言] 1号: 1号发言，还是那张猎人牌，没人对跳我就继续带队。认9号预言家，5号金水暂放，警徽流先4后6合理。平安夜女巫别跳，藏好。2号上警发言没有对跳预言家，行为偏良性，但需要听你警下聊清为什么觉得警徽该给预言家又同意给我，不过目前不踩你。今天轮次在警
    [思维链] 2号(werewolf): 我作为狼人，要倒勾站边9号预言家（他发了队友5号金水），认1号猎人，解释警上发言，做好自己身份。发言中不踩狼队友3、10，可以轻踩其他玩家。
[GAME] 2号发言：2号发言。首先，我站边9号预言家，因为到现在还没有人对跳，而且他的金水5号我暂时认下，警徽流先4后6也合理。1号猎人牌，没人对跳，我认。那么现在1和9都是神，好人优势很大。警上只有我们三个，我是平民上警，当时1号跳猎人说带队，我本意是想多听发言，所以上警也没退。后面9号预言家出来，我自然退水，警徽肯定给预言家。1号对我有些疑问，我解释一下，我上警就是说那个意思，预言家没出来前，猎人带队也可以，但预言家出来了肯定是预言家拿警徽，这没毛病吧。所以我的行为是偏良性的，1号可以放心。狼坑的话，警上大概率没狼了，那狼应该是藏在警下的倒勾或者潜水。9号的警徽流4和6，可以先听听他们发言。5号金水是好人，但我也要听5号自己聊，毕竟金水也可能有发言不好的时候。今天轮次，我建议从警下发言最差的人里出，女巫继续藏好，预言家有警徽，按警徽流验人，猎人带好队，我们好人稳扎稳打。过了。
  [发言] 2号: 2号发言。首先，我站边9号预言家，因为到现在还没有人对跳，而且他的金水5号我暂时认下，警徽流先4后6也合理。1号猎人牌，没人对跳，我认。那么现在1和9都是神，好人优势很大。警上只有我们三个，我是平民上警，当时1号跳猎人说带队，我本意是想多听
    [思维链] 3号(werewolf): 我是3号狼人，警下投给了9号，现在需要伪装好人发言。1号猎人无对跳，9号预言家验5号金水（5是狼队友），形势有利。我发言要站边9号，认下5号金水，解释自己投票动机，并点一些警徽流玩家作为关注，避免暴露狼队视角。可以适当轻踩6号或4号，但不能
[GAME] 3号发言：3号发言。首先，我警下投票给了9号，因为在1号跳猎人和9号跳预言家后，我认为警徽必须给预言家，这是基本逻辑。9号给5号金水，5号我暂时认好，警徽流先4后6也合理，我站边9号。1号猎人牌无人对跳，我也认。平安夜说明女巫开药了，女巫继续藏好，别跳。现在神优势，预言家有警徽，猎人带队，好人大优。2号上警发言我觉得是偏良性的，他解释了自己上警的心态，我听着没有问题。狼坑的话，警上大概率没狼了，狼很可能在警下倒勾或者潜水。9号的警徽流4和6，希望你们好好聊，特别6号在警徽流后面，可能是焦点。今天轮次，建议从警下发言最差的人里出，我重点想听4、6、7、8、10、11、12的发言，里面肯定有狼倒勾或者划水。5号虽然是金水，但也请认真发言，毕竟金水也能提供视角。我目前想听更多人发言后再点狼坑，好人团结，按预言家的警徽流走，今天我可能会跟预言家归票。过了。
  [发言] 3号: 3号发言。首先，我警下投票给了9号，因为在1号跳猎人和9号跳预言家后，我认为警徽必须给预言家，这是基本逻辑。9号给5号金水，5号我暂时认好，警徽流先4后6也合理，我站边9号。1号猎人牌无人对跳，我也认。平安夜说明女巫开药了，女巫继续藏好，别
    [思维链] 4号(villager): I am player 4, a villager, and I am in the sheriff's badge flow (check 4 first then 6). I need to speak well to avoid be
[GAME] 4号发言：4号发言。我是平民，上警环节我选择不上警，但在警下我投票给了9号，因为我觉得预言家必须拿警徽，这没什么好说的。9号给5号金水，警徽流先4后6，我觉得很合理。我这里就是一张普通村民牌，不怕验，验了是金水就能帮我排坑，预言家也可以改验别人，不过你按照警徽流验我也完全没问题，我欢迎。现在场上1号猎人，9号预言家，神优势。平安夜女巫可能开药了，女巫继续藏，今天是我们的轮次。2号上警退水，心态听着像平民；3号发言也还可以，暂时盘不到他们。狼坑应该是警下的倒勾或者潜水，因为警上大概率没狼了。5号是金水，暂时认好，但我也要听5号自己的发言。6号和我是警徽流里的，希望6号好好聊。后面还有不少玩家没发言，我会仔细听，找发言不好的。今天我跟着预言家归票，不会分票。过了。
  [发言] 4号: 4号发言。我是平民，上警环节我选择不上警，但在警下我投票给了9号，因为我觉得预言家必须拿警徽，这没什么好说的。9号给5号金水，警徽流先4后6，我觉得很合理。我这里就是一张普通村民牌，不怕验，验了是金水就能帮我排坑，预言家也可以改验别人，不过
    [思维链] 5号(werewolf): 我是5号狼人，被9号发金水，必须站边9号当好人。已知6号是首夜刀口且女巫救活为银水，但好人不知，不能暴露。发言中要认下1猎人和9预言家，暂认2、3（狼队友）发言偏好，将焦点引向后置位未发言的玩家，保护10号队友，为后续抗推铺垫。
[GAME] 5号发言：5号发言。先感谢9号预言家给我金水，我肯定是好人，而且现在坐实了，有预言家金水，身份全场最高之一。我站边9号钢铁预言家，警徽流4和6合理，我会全力支持。1号猎人牌无人对跳，也认好。平安夜女巫开药救人，好人优势巨大。警上9号预言家直接给金水，2号上警退水心态平民，3号发言逻辑正投票给预言家，目前听感都偏良性，暂时盘不到他们。警下4号认验态度没问题，那么狼人大概率藏在后置位还没发言的6、7、8、10、11、12里，尤其6号在第二警徽流，蛇形位置，是焦点牌，希望6号发言端正。我建议预言家不改警徽流，验4和6，如果4是金水，6的压力就更大。今天轮次，我建议听完后置位所有人发言后，从聊得最差的里面出。我金水牌带队票跟着预言家走，绝对不会分票。女巫和守卫藏好，今天好人齐心。过了。
  [发言] 5号: 5号发言。先感谢9号预言家给我金水，我肯定是好人，而且现在坐实了，有预言家金水，身份全场最高之一。我站边9号钢铁预言家，警徽流4和6合理，我会全力支持。1号猎人牌无人对跳，也认好。平安夜女巫开药救人，好人优势巨大。警上9号预言家直接给金水，
    [思维链] 6号(guard): 我是守卫，必须伪装平民。站边9预言家，认1猎人。警上无狼，狼在警下，我作为警徽流第二验欢迎预言家查验，好人优势。
[GAME] 6号发言：6号发言。首先站边9号预言家，金水5号，警徽流先4后6合理。1号猎人牌没人对跳，我也认。平安夜女巫开药，女巫继续藏好。警上只有1、2、9，9是预言家，1是猎人，2退水像平民，所以警上大概率无狼，狼全部在警下。目前我听到3、4、5发言都偏良性，5金水，4认验心态好。我6号在警徽流里，蛇形位置，欢迎9号验我，验出金水我带队，验出查杀我出局。建议预言家不改警徽流，验完4看4的身份，如果是金水，那后置位7、8、10、11、12里面可能要出多狼，我6和你们一起找狼；如果4是查杀，那直接出4。后面还有好几个人没发言，我会重点听7、8、10、11、12的发言，找倒勾和潜水狼。今天我跟着预言家归票，不会分票。过了。
  [发言] 6号: 6号发言。首先站边9号预言家，金水5号，警徽流先4后6合理。1号猎人牌没人对跳，我也认。平安夜女巫开药，女巫继续藏好。警上只有1、2、9，9是预言家，1是猎人，2退水像平民，所以警上大概率无狼，狼全部在警下。目前我听到3、4、5发言都偏良性
    [思维链] 7号(villager): 我是平民，需要合理表水。目前神优势，预言家9给5金水，1猎人，警上无狼。已发言1-6偏良，狼坑聚焦后置位7、8、10、11、12。我作为7号，必须发言做好自己，分析后置可能多狼，建议预言家不改警徽流，今天从后置位发言差的归票。
[GAME] 7号发言：7号发言。首先站边9号预言家，5号金水，警徽流4、6合理。1号猎人无人对跳，我认。平安夜女巫藏好。警上1、2、9，9预言家，1猎人，2退水像平民，警上大概率没狼。已发言3、4、5、6，3发言正，4认验心态好，5金水，6在警徽流里发言也阳光，这几张牌听感都偏好，我这里暂时盘不到。那么狼坑就在后置位我们8、10、11、12这几张牌中，很可能开多狼，甚至可能全部狼都在后置位。我7号是平民，我底牌好人，不怕聊，也不怕验，但预言家警徽流是4、6，我就不建议改，先验4定义4和6，如果4金水，6压力就小，如果4查杀，6可能是好人也可能狼踩狼，总之按警徽流来。我今天会认真听后置位发言，从发言最差的里面出。希望后置位8、10、11、12都好好发言，狼别想潜水倒勾。好人优势很大，我们别分票，跟着预言家归票。过了。
  [发言] 7号: 7号发言。首先站边9号预言家，5号金水，警徽流4、6合理。1号猎人无人对跳，我认。平安夜女巫藏好。警上1、2、9，9预言家，1猎人，2退水像平民，警上大概率没狼。已发言3、4、5、6，3发言正，4认验心态好，5金水，6在警徽流里发言也阳光，
    [思维链] 8号(witch): 现在是自由发言，我是女巫，必须隐藏身份，表水站边9号预言家。我救了6号（银水），但不能明说，对6号可以稍微放一放。目前后置位10、11、12尚未发言，狼坑大概率在这些人中。我需要发言阳光，跟预言家归票。
[GAME] 8号发言：8号发言。首先站边9号预言家，5金水，警徽流先4后6合理。1号猎人没人对跳，我也认。平安夜女巫藏好。警上1、2、9，9预言家，1猎人，2退水像平民，警上大概率没狼。前面发言的3、4、5、6、7听着都偏良性，特别是5金水，4认验心态好，6在警徽流里发言也还可以。那么狼坑就集中在我们后置位8、10、11、12里，可能开多狼，甚至全部四狼都在后置位。我8号是平民，底牌好人，不怕聊，也不怕验，但预言家警徽流是4、6，建议不要改，先验4定义4和6。今天我认真听后置位10、11、12的发言，从发言差的里面出。希望后置位几张牌好好聊。好人优势很大，别分票，跟着预言家归票。过了。
  [发言] 8号: 8号发言。首先站边9号预言家，5金水，警徽流先4后6合理。1号猎人没人对跳，我也认。平安夜女巫藏好。警上1、2、9，9预言家，1猎人，2退水像平民，警上大概率没狼。前面发言的3、4、5、6、7听着都偏良性，特别是5金水，4认验心态好，6在警
    [思维链] 9号(seer): 我是真预言家，第1夜查验5号为狼人，但警上我故意报金水，是为了让5号放松警惕并观察发言。现在听完5号发言，其欣然接受金水且未质疑，发言中有狼人心态，我应该揭露查杀，带队归票5号。同时调整警徽流，因为原有警徽流基于错误金水。
[GAME] 9号发言：9号发言。先给大家道个歉，我警上故意报5号金水，其实第一夜我查验5号，结果是狼人！报假金水就是为了看他的反应，他全程欣然接受，还替我号票，发言里没有半点对金水的质疑，这不是好人心态。现在我摊牌，5号是我的查杀，今天全票归5号。警徽流改为先8后12，因为后置位开狼多，我需要验穿。真预言家不怕认错，狼坑已经打开，好人跟我冲票，女巫今晚想毒可看局势。过了。
  [发言] 9号: 9号发言。先给大家道个歉，我警上故意报5号金水，其实第一夜我查验5号，结果是狼人！报假金水就是为了看他的反应，他全程欣然接受，还替我号票，发言里没有半点对金水的质疑，这不是好人心态。现在我摊牌，5号是我的查杀，今天全票归5号。警徽流改为先8
    [思维链] 10号(werewolf): 9号突然改口5号是查杀，很可能是真预言家。5号队友已暴露，我必须果断倒勾踩5，否则会被怀疑。场风已定，唯有卖队友做身份。发言要表现出恍然大悟，并轻踩2、3倒勾可能，重踩5号，同时表水自己好人。
[GAME] 10号发言：10号发言。9号预言家这一波操作确实让我吃了一惊，但仔细一想，这才像真预言家！警上故意报假金水测试5号反应，而5号全程欣然接受，还帮着号票，没有半点质疑，这绝不是好人心态。所以我相信9号，5号是定狼，今天必须出他。我回顾了一下5号发言，他说‘坐实了’、‘身份全场最高之一’，这完全是狼人接了假金水后得意忘形，根本想不到预言家会钓鱼。狼坑方面，5号是明狼，那么他的狼队友大概率在警下倒勾，因为警上只有1、2、9，1猎人、9预言家，2退水虽然像平民但也不能完全排除倒勾可能，毕竟狼人也会做退水自保的动作。3号发言逻辑正且警下投票给9，但也不能完全放下，毕竟可能倒勾得深。不过警上大概率开一到两狼，警下后置位没发言的11、12可能还有狼，7、8发言暂时没听出问题。我10号是张平民牌，不怕验，预言家如果改警徽流可以来验我，我随时欢迎。今天全票出5号，好人优势很大，女巫藏好，我们跟预言家走，过了。
  [发言] 10号: 10号发言。9号预言家这一波操作确实让我吃了一惊，但仔细一想，这才像真预言家！警上故意报假金水测试5号反应，而5号全程欣然接受，还帮着号票，没有半点质疑，这绝不是好人心态。所以我相信9号，5号是定狼，今天必须出他。我回顾了一下5号发言，他说
    [思维链] 11号(villager): 9号改口说5号是查杀，逻辑上钓鱼测试合理，5号发言确实飘且无质疑，我站边9号。我是平民，警徽投票给了9。狼坑5号明狼，队友可能在2号、10号、12号中，10号点后置位11/12，我11好人，12大概率狼，但还需听其发言。今天出5号，跟预言家
[GAME] 11号发言：11号发言。首先站边9号预言家，警上假金水钓鱼测试，5号立刻认下且得意忘形，这是狼人的反应，所以5号定狼，今天全票出5号。我警下投票也是给9号的。狼坑方面，5号是明狼，他的队友应该藏在警下倒勾或划水。警上1猎、9预言、2退水，但2号如果是狼也可能做身份。警下后置位，10号点我和12号，但我自己是平民好人，那么12号很可能有问题，等下听12怎么聊。还有7号、8号说狼都集中在后置位，其实也有可能他们中开倒勾狼。女巫藏好，预言家按警徽流验人，今天大家齐心协力投5号，过了。
  [发言] 11号: 11号发言。首先站边9号预言家，警上假金水钓鱼测试，5号立刻认下且得意忘形，这是狼人的反应，所以5号定狼，今天全票出5号。我警下投票也是给9号的。狼坑方面，5号是明狼，他的队友应该藏在警下倒勾或划水。警上1猎、9预言、2退水，但2号如果是狼
    [思维链] 12号(villager): 我12号是最后一个发言，场上几乎一致站边9号出5号。5号作为接金水者，发言得意忘形，确实像被钓鱼的狼人。9号预言家报查杀的逻辑合理，1号猎人无人对跳，好人优势。我认平民，站边9号，今天全票出5，狼坑可能在后置位及警下倒勾。须阳光发言避免被抗
[GAME] 12号发言：12号发言。首先站边9号预言家，警上钓鱼操作非常精彩。5号接金水后，言语中充满得意，甚至说‘坐实’、‘身份全场最高之一’，完全没考虑预言家是否有假金水可能，这绝不是好人心态。所以5号是定狼，今天我肯定跟票出5。1号猎人无人对跳，我也认下。平安夜女巫藏好。狼坑方面，5号是明狼，他的队友大概率在警下倒勾或划水。警上2号退水，虽然像平民，但也不排除狼做身份，可暂放轮次。警下3号和4号发言都认验态度好，暂时盘不到；6号在警徽流，发言也阳光；7、8、10、11发言站边明确，但我注意10号点后置位开狼，11号点12可能有问题。我12号底牌平民，不怕验，欢迎9号预言家来验我，也支持按警徽流先8后12。我认为今天没有任何分票理由，全票出5号，明天再看验人结果找狼队。女巫守卫保护好神牌，好人优势很大，我们齐心协力。过。
  [发言] 12号: 12号发言。首先站边9号预言家，警上钓鱼操作非常精彩。5号接金水后，言语中充满得意，甚至说‘坐实’、‘身份全场最高之一’，完全没考虑预言家是否有假金水可能，这绝不是好人心态。所以5号是定狼，今天我肯定跟票出5。1号猎人无人对跳，我也认下。平
    [思维链] 1号(hunter): 9号钓鱼执法，5号中招，全场认5号定狼，我作为猎人必须跟预言家归票出5。
    [思维链] 2号(werewolf): 作为狼人，9号预言家查杀了我队友5号，全场站边9号，我必须倒勾到底，投票放逐5号，否则会被怀疑。
    [思维链] 3号(werewolf): 9号预言家改口5号为查杀，5号是狼队友，但此时必须卖队友保全自己。跟票出5号才能做好身份，否则会暴露。
    [思维链] 4号(villager): 9号预言家摊牌5号是查杀，逻辑成立，5号接金水时的发言确实像狼人得意忘形。作为平民，我应该跟预言家归票，全票出5号。
    [思维链] 5号(werewolf): 我被预言家9号钓鱼执法，假金水测试反应，我的发言已经暴露，全场认定我是狼。现在投票放逐环节，如果我分票或弃票，更坐实狼人身份且可能暴露队友。唯一能减少损失的做法是跟票出自己，不让队友被怀疑。我的遗言可以试着拉拢好人或混淆视听，但已无法挽回。
    [思维链] 6号(guard): 我是守卫，必须跟票出狼。9号预言家改口5查杀，钓狼成功，5号发言得意忘形，定狼。全票出5。
    [思维链] 7号(villager): 9号预言家报5号查杀，逻辑合理，5号接受假金水时的发言确实没有质疑，狼人心态暴露。全票出5号。
    [思维链] 8号(witch): 9号预言家查杀5号，且警上钓鱼验证了5号的狼面，5号定狼。作为女巫，我必须隐藏身份，投票跟预言家出5号。
    [思维链] 9号(seer): 我是预言家，已报5号查杀，场上玩家全部站边我且同意出5号，投票毫无悬念。
    [思维链] 10号(werewolf): 9号真预言家查杀5号狼队友，我作为狼人必须果断倒勾，投票出5以做好身份。其他玩家都表水跟票，我不投票或弃票都会爆狼。
    [思维链] 11号(villager): 5号是9号预言家的查杀，且发言行为不做好，全场归票5号，我作为站边9号的好人，必须投票出5号。
    [思维链] 12号(villager): 5号是9号预言家报出的查杀，且5号发言确实像被钓鱼的狼人，全场一致站边9号，没有理由分票，跟票出5。
[GAME] 5 号以 11.5 票被放逐出局。
[GAME] 5号出局，身份是【werewolf】。
    [思维链] 6号(guard): 我是守卫，第一晚平安夜，女巫大概率开了救药，所以解药已用。今晚女巫只有毒药，无法救人，因此守护预言家不会造成奶穿。预言家9号是明神且握有警徽，狼队最可能刀他，我必须守护他确保能报出验人信息。
[WOLF] === 第2夜 狼队商议 ===
    [思维链] 2号(werewolf): 预言家9号是明牌，已留警徽流，必须尽快刀掉，否则他不断验人，狼队会逐渐暴露。虽然可能有守卫或女巫守护，但女巫解药已在第一夜用掉，此时刀预言家最有可能成功。即使被救，也能逼出女巫的毒药或守卫的守护，为后续刀人创造条件。
[WOLF] 狼2：今晚必须刀9号预言家。他是明牌，且已经留了警徽流，不刀了他，我们迟早会被验出来。女巫解药已经用了，守卫可能守他，但我们必须赌一把。如果刀不死，至少能逼出守卫的盾或女巫的毒，为后面铺路。
    [思维链] 3号(werewolf): 狼队友2号提议刀9号预言家，非常正确。9号预言家已明牌，且故意报假查杀导致狼队友5号被抗推，必须立即击杀以阻止验人。女巫解药已用，守卫可能守9号，但必须赌刀，否则预言家多活一轮验人，我们风险更大。即使刀中被守，也能逼出守卫技能，为后续刀神铺
[WOLF] 狼3：同意刀9号预言家。他明牌且已经开了假查杀，这一轮不刀掉，他留的警徽流是先8后12，万一验到我们的人就麻烦了。女巫解药没了，守卫可能守他，但我们必须赌。刀中了他就报不出验人，刀不中也能逼出守卫的盾，给后面刀神创造机会。统一行动，就刀9号。
    [思维链] 10号(werewolf): 我是狼队10号，队友2和3都建议刀9号预言家。这是正确的选择，9号是明预言家，留了警徽流先8后12，如果不刀掉，他继续验人可能查杀我们中的某个。女巫解药已用，守卫虽然可能守他，但我们不得不刀，运气好能刀死，刀不死也能逼守卫交守护，为后续刀神
[WOLF] 狼10：我同意刀9号预言家。9号已经是明牌，而且警徽流8和12，万一验到我们的人就崩了。女巫解药第一夜肯定用了，平安夜就是证据。守卫可能守他，但我们必须赌这一刀。刀死了他报不出验人，刀不死也能逼守卫交守护，这样后续我们还能刀其他神。统一行动，就刀9号！
    [思维链] 2号(werewolf): 狼队一致同意刀9号预言家，他是明牌且留了警徽流，必须尽快刀掉。女巫解药已用，守卫可能守他，但我们必须赌。
    [思维链] 3号(werewolf): 狼队统一意见刀9号预言家。9号明牌预言家，留的警徽流是先8后12，必须立即刀掉，防止验到狼队友。女巫解药已用，守卫可能守，但必须赌刀。成功刀掉9号，他将不能报出验人信息，对我们后续伪装有利。
    [思维链] 10号(werewolf): 狼队一致决定刀9号预言家。他是明牌，警徽流威胁大，必须刀掉。女巫解药已用，守卫可能守他，但赌这一刀是必要之举。刀死或逼出守护都对狼队有利。
[WOLF] 狼队最终决定刀杀 9 号。
    [思维链] 9号(seer): 按照警上承诺的警徽流先8后12，今晚查验8号，以定义后置位格局。8号发言认平民，位置靠后，有狼面。
[SEER] 预言家查验 8 -> 好人
    [思维链] 8号(witch): 解药已用，毒药可用。狼刀9号预言家，但我不能救他。目前好人优势，轮次领先，毒药可以留到更关键的时刻，避免毒错好人。我隐藏身份更重要，今晚不开毒。
[GAME] 【第2天】天亮了。昨晚是平安夜，无人死亡。
[GAME] 进入自由发言环节。
    [思维链] 1号(hunter): 第二夜平安夜，女巫可能救了预言家或守卫守对了，女巫继续藏。我明猎人带队，认9号预言家，5号定狼出局无异议。警徽流8和12，等9号报验人结果。好人优势，今天要从警徽流或发言中找倒勾狼。
[GAME] 1号发言：1号猎人发言。平安夜，女巫或守卫立功了，女巫继续藏好。5号被钓鱼查杀出局，铁狼一匹。9号预言家坐实，警徽流先8后12，请你本轮报验人结果，我们跟着你走。狼坑方面，5号是明狼，他的队友大概率在警下倒勾或划水，警上2号退水虽像平民但需听发言，警下3、4、6、7、8、10、11、12里开剩下三狼。我重点关注警徽流里的8和12，以及划水的牌。今天听完预言家验人和后置位发言，再从发言差的人里出。好人别分票，优势很大，跟着我和9号走。过。
  [发言] 1号: 1号猎人发言。平安夜，女巫或守卫立功了，女巫继续藏好。5号被钓鱼查杀出局，铁狼一匹。9号预言家坐实，警徽流先8后12，请你本轮报验人结果，我们跟着你走。狼坑方面，5号是明狼，他的队友大概率在警下倒勾或划水，警上2号退水虽像平民但需听发言，警
    [思维链] 2号(werewolf): 我是狼人2号，必须继续倒勾在9号预言家团队里。昨晚刀9号但平安夜，说明守卫守了他，女巫解药已用。9号活着，今天会报验人。我需要发言站边9号，认可钓鱼操作，表达对平安夜的合理分析，并等待验人结果。在点狼坑时避免踩队友3和10，轻踩外置位好人，
[GAME] 2号发言：2号发言。首先继续站边9号预言家，钓鱼查杀5号的操作确实精彩，5号狼人出局，我们优势很大。昨晚又是平安夜，大概率是守卫守了9号，女巫第一夜开过解药了，可能没救人了，所以女巫继续藏好。现在等9号预言家报验人结果，我们跟着警徽流走。狼坑方面，5号一匹明狼，剩下三狼肯定在警下。我回顾了第一天发言，觉得4号认验态度好，6号在警徽流里发言阳光，7、8、10、11、12里面可能有狼，但具体还得听今天的发言和验人。我自己是平民，上警退水就是为了多听信息，没有对跳预言家，行为摆在这里，希望好人认下。今天我会认真听完后置位发言，根据预言家的验人和警徽流投票，不会分票。过。
  [发言] 2号: 2号发言。首先继续站边9号预言家，钓鱼查杀5号的操作确实精彩，5号狼人出局，我们优势很大。昨晚又是平安夜，大概率是守卫守了9号，女巫第一夜开过解药了，可能没救人了，所以女巫继续藏好。现在等9号预言家报验人结果，我们跟着警徽流走。狼坑方面，5
    [思维链] 3号(werewolf): 我是3号狼人，需要继续站边9号预言家做好身份。平安夜很可能是守卫守了9号，我要假装不知道刀口，以好人的视角分析。狼坑方面，5号已出局，剩下三狼在警下。我要踩一些外置位好人，保一下狼队友2号和10号，但不能太明显。重点听预言家报验人，然后跟票
[GAME] 3号发言：3号发言。站边9号预言家，5号被钓鱼查杀出局，好人优势。昨晚平安夜，大概率是守卫守了9号，因为女巫第一夜开了解药，昨晚可能没药了，守卫立功。预言家请报验人，我们跟着你的警徽流走。狼坑方面，5号明狼，剩下三狼在警下。第一天发言，我觉得4号认验心态好，6号在警徽流里发言阳光，暂时盘不到。8号和12号在警徽流里，要重点关注。7号、10号、11号发言也还可以，但狼可能倒勾得深，还得听今天的更新发言。2号上警退水，行为偏良性，我目前认好。我自己是平民，第一天就投票给9号，行为摆在这里。今天我会仔细听后置位发言，根据预言家的验人投票，绝不分票。过。
  [发言] 3号: 3号发言。站边9号预言家，5号被钓鱼查杀出局，好人优势。昨晚平安夜，大概率是守卫守了9号，因为女巫第一夜开了解药，昨晚可能没药了，守卫立功。预言家请报验人，我们跟着你的警徽流走。狼坑方面，5号明狼，剩下三狼在警下。第一天发言，我觉得4号认验
    [思维链] 4号(villager): 我4号平民，继续站边9号预言家。昨晚平安夜，守卫可能守了9号。5号查杀已出，狼坑在警下。我第一天认验态度好，不怕验。今天需等预言家报验人，并听从归票。我会分析后置位身份，呼吁好人团结。
[GAME] 4号发言：4号发言。首先还是继续站边9号预言家，5号钓鱼查杀出去，铁狼一匹，这个逻辑我认。昨晚又是平安夜，大概率守卫守了预言家，女巫首夜开药了，藏到现在很好，女巫继续藏，守卫今晚可以再考虑是否守预言家，我们好人优势巨大。现在我就等9号预言家报验人结果，警徽流先8后12，这轮验了谁，是什么身份，请明示。我4号首日发言认验态度是拉满的，虽然警徽流改了，但我底牌平民，不怕验，欢迎预言家来验我。狼坑方面，5号明狼出局，剩下三狼大概率都在警下，因为警上1猎人、9预言家、2退水像平民，警上开多狼概率不大。我听了前面1、2、3的发言，都是站对边的，暂时盘不到。后置位6、7、8、10、11、12里面，我觉得尤其要关注8和12，毕竟在预言家警徽流上，他们的发言需要仔细听。如果8号发言不好，那今天可能就要走他；如果8是金水，12号压力就大。我个人建议预言家就按警徽流走，我们好人跟着归票，今天还是从聊得最差的人里出，绝对不能分票。最后提醒女巫和守卫藏好，我们优势很大，稳扎稳打。过了。
  [发言] 4号: 4号发言。首先还是继续站边9号预言家，5号钓鱼查杀出去，铁狼一匹，这个逻辑我认。昨晚又是平安夜，大概率守卫守了预言家，女巫首夜开药了，藏到现在很好，女巫继续藏，守卫今晚可以再考虑是否守预言家，我们好人优势巨大。现在我就等9号预言家报验人结果
    [思维链] 6号(guard): 我是守卫，第二夜守护了9预言家，成功制造平安夜。发言时要继续伪装平民，站边9，分析狼坑，不暴露身份。
[GAME] 6号发言：6号发言。首先继续站边9号预言家，昨天的钓鱼查杀操作太精彩了，5号狼人出局，好人优势很大。昨晚又是平安夜，说明守卫或女巫立大功了，大概率守卫守了9号预言家，我们感谢守卫。现在等9号预言家报验人结果，警徽流先8后12，我们跟着走。狼坑方面，5号明狼，剩下三狼都在警下。回顾第一天的发言，4号认验态度好，我6号在警徽流里发言阳光，都是不怕验的。7号、8号、10号、11号、12号里出剩下的狼，尤其8和12在警徽流上，要重点关注。今天我会仔细听后置位发言，根据预言家的验人和警徽流投票，绝不分票。我自己底牌平民，欢迎9号预言家来验我，让我带队或者排坑。过了。
  [发言] 6号: 6号发言。首先继续站边9号预言家，昨天的钓鱼查杀操作太精彩了，5号狼人出局，好人优势很大。昨晚又是平安夜，说明守卫或女巫立大功了，大概率守卫守了9号预言家，我们感谢守卫。现在等9号预言家报验人结果，警徽流先8后12，我们跟着走。狼坑方面，5
    [思维链] 7号(villager): 我是7号平民，站边9号预言家。5号明狼出局，平安夜优势。场上等待9号报验人，但预测9可能会报8或12的验人。我需要表水认真分析狼坑：警上1猎9预2退水，大概率警上无狼。警下已发言3、4、6偏好，我7好人，则狼坑在8、10、11、12中，可能
[GAME] 7号发言：7号发言。继续站边9号预言家，钓鱼查杀5号这波操作太关键了，铁狼出局，好人优势巨大。昨晚又是平安夜，大概率守卫守了9号，女巫藏好就行。现在大家都在等9号预言家报验人，警徽流先8后12，本轮验的谁，是金水还是查杀，请预言家明示，我们按警徽流走。狼坑方面，5号明狼，剩下三狼全在警下。警上1猎9预，2号退水当时听着像平民，但也不能完全摘掉倒勾可能，不过今天轮次还到不了他。3、4、6发言都认验且心态阳光，我暂时盘不到。我7号第一天就说了后置位多狼，现在看8、10、11、12里面至少开两狼，很有可能三狼都在这里面。8号和12号在警徽流上，是今天关注的重点。我底牌平民，不怕验也不怕聊，欢迎预言家随时来验。今天全票跟预言家归票，他报出验人后我们团结一致，别分票。过了。
  [发言] 7号: 7号发言。继续站边9号预言家，钓鱼查杀5号这波操作太关键了，铁狼出局，好人优势巨大。昨晚又是平安夜，大概率守卫守了9号，女巫藏好就行。现在大家都在等9号预言家报验人，警徽流先8后12，本轮验的谁，是金水还是查杀，请预言家明示，我们按警徽流走
    [思维链] 8号(witch): 我是女巫，必须隐藏身份，伪装平民发言。站边9号，等待验人信息。狼坑分析中，我可以稍微保护银水6号，但不能明显。由于警徽流先8后12，9号可能验了我或12，我需表水干净。
[GAME] 8号发言：8号发言。继续站边9号预言家，钓鱼查杀操作太精彩了，5号狼人出局，我们大好优势。昨晚又是平安夜，大概率守卫守了预言家，女巫首夜开药了，继续藏好。现在等9号预言家报验人结果，警徽流先8后12，本轮验了谁，请明示，我们按警徽流走。狼坑方面，5号明狼，剩下三狼全在警下。警上1猎人、9预言家，2号退水当时听着像平民，但也不能完全排除倒勾可能，不过轮次还早。3、4、6、7发言都认验且心态阳光，我暂时盘不到。我8号在警徽流首验位置，我底牌是平民，不怕验，欢迎9号来验我，给我金水我帮预言家带队找狼。后置位10、11、12里，12也是警徽流里的，重点关注。如果12发言不好，今天可能就要在8、12里分辨。今天我全票跟预言家归票，好人别分票，优势很大，稳扎稳打。过了。
  [发言] 8号: 8号发言。继续站边9号预言家，钓鱼查杀操作太精彩了，5号狼人出局，我们大好优势。昨晚又是平安夜，大概率守卫守了预言家，女巫首夜开药了，继续藏好。现在等9号预言家报验人结果，警徽流先8后12，本轮验了谁，请明示，我们按警徽流走。狼坑方面，5号
    [思维链] 9号(seer): 我是预言家，第2夜查验8号为金水。需要报出金水，并指导今天轮次在10、11、12中归票，因为后置位多狼，警徽流接着验12。
[GAME] 9号发言：9号发言。第2夜查验8号，结果是金水。恭喜8号，我们好人阵营多一位金水带队。昨天钓鱼查杀5号，5号明狼出局，咱们优势巨大。昨晚又是平安夜，大概率守卫守了我，感谢守卫，女巫继续藏好。警徽流原定先8后12，8金水，今晚我必定去验12。狼坑方面，5号一狼已走，剩下三狼全在警下。警上1猎人坐实，2号退水虽有疑但暂不轮次。警下3、4、6、7、8都是我暂认好或金水的牌，那么狼几乎集中到10、11、12里。今天听完10、11、12的发言，我会从他们中归票，大概率出最像狼的那个。12在警徽流，如果发言不好，今天直接出12，我去验10或11；如果12发言阳光，可能先出10或11。好人紧跟我票，女巫守卫藏好，我们稳扎稳打。过。
  [发言] 9号: 9号发言。第2夜查验8号，结果是金水。恭喜8号，我们好人阵营多一位金水带队。昨天钓鱼查杀5号，5号明狼出局，咱们优势巨大。昨晚又是平安夜，大概率守卫守了我，感谢守卫，女巫继续藏好。警徽流原定先8后12，8金水，今晚我必定去验12。狼坑方面，
    [思维链] 10号(werewolf): 我是10号狼人，第一天倒勾出5号，身份暂时安全。现在预言家9号坐实，8号金水，警徽流12。焦点在10、11、12。我必须发言站边9号，认下8金水，然后点出狼坑集中在10、11、12，但我要主动表水，认民，并建议从12出，因为12在警徽流且还
[GAME] 10号发言：10号发言。继续站边9号预言家，钓鱼查杀5号的操作太犀利了，5号狼人出局，我们好人优势巨大。昨晚平安夜，那一定是守卫守了9号，女巫首夜开药了，现在女巫继续藏好，守卫今晚还可以自守或者看看局势。刚刚9号预言家报了8号是金水，8号我第一天听感就偏良性，现在金水坐实，我们好人又多一位带队，恭喜8号。那么警徽流原定先8后12，8是金水，今晚预言家必定验12，这个逻辑没毛病。

现在分析狼坑：5号明狼出局，剩下三狼全在警下。警上1猎人、9预言家，2号退水第一天听着像平民，虽然不能完全摘掉，但轮次还远。警下3、4、6、7都是第一天发言认验态度好或阳光的牌，加上8金水，这几张我暂时盘不到。那么狼坑非常清晰，就是我们10、11、12里面，很可能开两到三狼，甚至全部剩下的狼都在我们三张牌里。这里我10号底牌是一张平民，我第一天发言就说了，9号钓鱼查杀5号我立刻站边，逻辑清晰，而且我投票也是坚决出了5号的。我自己的行为是做好事的，我也不怕验，预言家如果改警徽流可以来验我，我随时欢迎。

现在焦点就在11和12，尤其12在今晚警徽流上。我还没听到11和12的发言，但我个人的想法是：如果12号发言不好，那我们今天直接出12，预言家晚上可以去验11，或者验我10也行，反正12出局了警徽流验11或12没意义；如果12号发言很阳光，那我们就得在10和11里找。当然我自己是好人，所以在我视角里，如果12发言好，那11号大概率是狼，今天可以出11。总之，今天我们必须在后置位这三张牌里出人，我建议大家听完11、12的发言后，根据他们的状态和逻辑来分辨。

我再次表水，我10号平民，一直在找狼，第一天站边快，投票果断，全程跟预言家走。希望好人能认下我，今天我们一起从后置位出狼。我会根据11、12的发言决定我的投票倾向，但最终我会尊重预言家的归票。女巫守卫藏好，我们优势很大，稳扎稳打。过了。
  [发言] 10号: 10号发言。继续站边9号预言家，钓鱼查杀5号的操作太犀利了，5号狼人出局，我们好人优势巨大。昨晚平安夜，那一定是守卫守了9号，女巫首夜开药了，现在女巫继续藏好，守卫今晚还可以自守或者看看局势。刚刚9号预言家报了8号是金水，8号我第一天听感就
    [思维链] 11号(villager): 我是11号平民，在狼坑10,11,12中，10号发言有找抗推的嫌疑，他急于将焦点引到我和12身上，而警徽流今晚验12，今天不能出12浪费验人，所以最优解是出10号。我底牌好人，行为一直站边9号投票5号，没有狼面。10号可能为倒钩狼，今天归1
[GAME] 11号发言：11号发言。站边9号预言家，8金水认下。5号明狼出局，现在狼坑锁定在10、11、12中，大概率两狼甚至三狼。我底牌是平民，第一天就投票出5，全程跟预言家，没有任何问题。10号发言看似找狼，实则找抗推，他说如果12发言好就在10和11里出，这不是明显想抗推我吗？毕竟12在今晚警徽流，如果12是狼，验出来明天出；如果是好人，今晚验了明后天带队。今天绝不能出12，否则预言家验人浪费。所以今天轮次就在10和11里，我好人，那出10是最合理的。10号第一天首提后置位多狼，视野太开，像开眼狼。建议预言家归票10号，晚上验12，明天我们再看。女巫守卫藏好，好人跟预言家走，过了。
  [发言] 11号: 11号发言。站边9号预言家，8金水认下。5号明狼出局，现在狼坑锁定在10、11、12中，大概率两狼甚至三狼。我底牌是平民，第一天就投票出5，全程跟预言家，没有任何问题。10号发言看似找狼，实则找抗推，他说如果12发言好就在10和11里出，这
    [思维链] 12号(villager): 我是12号平民，在警徽流内，今晚9预言家必验我。狼坑缩在10、11、12中，我底牌好人，今天如果出我将浪费验人轮次且损害好人优势。10和11互打，11直接定死出10，发言略显急躁，可能是狼人急于找抗推。我应表水并建议在10、11中归票，偏向
[GAME] 12号发言：12号发言。继续站边9号预言家，恭喜8号金水。我12号底牌平民，在警徽流内，今晚9号验我一定是金水。5号明狼已出，剩余三狼必然集中在警下后置位，而3、4、6、7、8均偏好或金水，狼坑就是10、11、12三张牌。今天绝不能出我12，因为预言家今晚验我，若我被推，验人轮次浪费，警徽流也断了，好人优势会缩小。10和11互打，在我视角里，10号首日视野略开，但今日发言尚在找狼；11号直接扣死10号是狼，态度过于绝对，如果10是好人，11就可能是找抗推的狼。且11保我12，不排除拉票或做身份的可能。我建议今天在10和11中归票，我个人倾向11匪面更大，但最终尊重预言家归票。女巫守卫藏好，我们优势巨大，稳扎稳打。过。
  [发言] 12号: 12号发言。继续站边9号预言家，恭喜8号金水。我12号底牌平民，在警徽流内，今晚9号验我一定是金水。5号明狼已出，剩余三狼必然集中在警下后置位，而3、4、6、7、8均偏好或金水，狼坑就是10、11、12三张牌。今天绝不能出我12，因为预言家
    [思维链] 1号(hunter): 狼坑明确在10、11、12中，8金水，预言家今晚验12，今天不宜出12以免浪费验人。轮次在10和11之间，11发言直接定死10为狼且保12，有找抗推之嫌，匪面比10大。作为明猎人，我带队投11。
    [思维链] 2号(werewolf): 预言家9号归票从10、11、12中出，11号猛踩10号且保12，有找抗推的嫌疑；12号在预言家今晚警徽流里，今天绝不能出。我作为平民，必须积极找狼，不能浪费预言家验人轮次。投票给11号最合理，既避免出掉队友10，同时符合好人逻辑。
    [思维链] 3号(werewolf): 我是狼人3号，场上焦点在10、11、12。8号金水，12在警徽流不能出。10是我的狼队友，11是好人。预言家没有明归，但11今天发言强打10，且保12，开眼匪面大，多数好人可能会倾向出11。为了保护狼队友10，我必须投票给11。如果预言家最
    [思维链] 4号(villager): 11号发言保12，强打10，视野奇怪。12在警徽流，即使发言好也不该保，应让预言家验。11可能和12双狼。我投11。
    [思维链] 6号(guard): 我作为守卫，在8金水、警徽流12的情况下，狼坑锁定在10、11、12中。11直接踩死10并保12，有找抗推和拉票嫌疑，匪面较大。12在警徽流，不出免浪费验人。10发言相对平和。因此我倾向投11。
[GAME] 11 号以 5.0 票被放逐出局。
[GAME] 11号出局，身份是【villager】。
    [思维链] 6号(guard): 我是守卫，昨晚守了9号预言家，今晚不能再守他。狼队知道守卫不能连守，所以极可能刀9，9号大概率会死。女巫只有毒药无法救人。狼也可能转刀金水8号或其他人。为了保护明好人，我决定守护8号金水，确保他存活带队。
[WOLF] === 第3夜 狼队商议 ===
    [思维链] 2号(werewolf): 第2夜刀9号平安夜，大概率守卫守了9号。今晚必须继续刀9号，因为9号是明预言家，今晚验12，明天报验人后狼队空间会被严重压缩。守卫可能连续守，但我们必须赌一把，否则狼队必输。如果再次平安夜，好人也会疑惑守卫是否空守，后续我们还有机会。女巫解
[WOLF] 狼2：今晚必须继续刀9号预言家。虽然上次平安夜，但守卫可能以为我们会改刀而放弃守他。9号今晚验12，如果让他报出验人，一旦12是金水，狼坑就锁在10号和我们身上，我们必输。即使守卫再守，我们也得赌，这是唯一翻盘点。女巫解药早就用了，猎人刀不得，只能刀9号。
[GAME] 玩家3行动异常（'choices'），按 skip 处理。
