角色分配：[(1, 'hunter'), (2, 'werewolf'), (3, 'werewolf'), (4, 'villager'), (5, 'werewolf'), (6, 'guard'), (7, 'villager'), (8, 'witch'), (9, 'seer'), (10, 'werewolf'), (11, 'villager'), (12, 'villager')]
[GAME] 游戏开始，共 12 名玩家。
    [思维链] 6号(guard): I am player 6, the Guard. This is the first night, and I need to choose someone to protect. Since I have no information 
[WOLF] === 第1夜 狼队商议 ===
    [思维链] 2号(werewolf): 我是2号狼人，队友是3、5、10号。首夜没有额外信息，通常策略是刀边缘位或者随机刀一个以减少好人信息量。考虑到1号和12号是边路，且12号如果倒牌可能会让好人觉得是随机刀，有利于我们隐藏。或者刀4号，因为4号离核心位置稍远。为了稳妥，我建议
[WOLF] 狼2：建议首夜盲刀12号，减少好人信息，避免过早暴露我们的刀法逻辑。
    [思维链] 3号(werewolf): 作为3号狼人，我的队友是2、5、10号。2号建议盲刀12号，这是一个稳妥的开局策略，可以隐藏我们的刀法逻辑，避免过早暴露。我同意这个建议，12号目前没有任何信息，盲刀风险较低。
[WOLF] 狼3：同意2号的意见，首夜盲刀12号，减少好人信息量，避免过早暴露我们的刀法逻辑。
    [思维链] 5号(werewolf): As a wolf, I need to align with my teammates to ensure a successful kill. Players 2 and 3 have already agreed to target 
[WOLF] 狼5：I agree with 2 and 3. Let's stick to the plan and kill 12 tonight. A blind kill on a random player helps us control the information flow and prevents the good team from deducing our logic too early.
    [思维链] 10号(werewolf): 队友2、3、5号已经一致同意首夜盲刀12号。作为10号狼人，我没有理由反对这个已经达成共识且合理的策略。盲刀可以减少好人获得的信息量，避免暴露狼队逻辑。我将跟随队友的意见，确认刀杀12号。
[WOLF] 狼10：I agree with 2, 3, and 5. Killing 12 is a solid choice for the first night to minimize information for the good team. Let's proceed with 12.
    [思维链] 2号(werewolf): 狼队内部已达成一致，决定首夜盲刀12号玩家。作为2号狼人，我需要执行团队决议，提交刀杀12号的指令。
    [思维链] 3号(werewolf): 狼队内部已达成共识，2、5、10号队友均同意首夜盲刀12号。作为3号狼人，我完全执行团队决议。12号是存活玩家且不是狼队友（我的队友是2、5、10），因此提交刀杀目标为12号。
    [思维链] 5号(werewolf): All four wolves (2, 3, 5, 10) have unanimously agreed to kill player 12. As player 5, I need to execute this decision. P
    [思维链] 10号(werewolf): 狼队内部已达成共识，首夜盲刀12号。作为10号狼人，我执行团队决定，投票刀杀12号。
[WOLF] 狼队最终决定刀杀 12 号。
    [思维链] 9号(seer): 游戏刚开始，我是 9 号玩家，身份是预言家。今晚需要查验一名玩家来获取更多狼坑信息。在没有其他信息的情况下，我选择随机查验一名玩家，这里决定查验 5 号玩家，以获取第一个关键信息。
[SEER] 预言家查验 5 -> 狼人
[GAME] 玩家8行动异常（HTTP 429: {"error":{"message":"Rate limit exceeded for api_key: 08064dcbb0d52ce0dfe7089996cd82d95d767b1a96547979fdb94868f575b02c. Limit type: requests. Current limit: 10, Remaining: 0. Limit resets at: 2026-06-09 13:09:36 UTC","type":"None","param":"None","code":"429"}}），按 skip 处理。
[GAME] 【第1天】天亮了。昨晚死亡：[12] 号。
[GAME] 警长竞选开始，请玩家决定是否上警并发言。
[GAME] 玩家1行动异常（HTTP 429: {"error":{"message":"Rate limit exceeded for api_key: 08064dcbb0d52ce0dfe7089996cd82d95d767b1a96547979fdb94868f575b02c. Limit type: requests. Current limit: 10, Remaining: 0. Limit resets at: 2026-06-09 13:09:44 UTC","type":"None","param":"None","code":"429"}}），按 skip 处理。
[GAME] 玩家2行动异常（HTTP 429: {"error":{"message":"Rate limit exceeded for api_key: 08064dcbb0d52ce0dfe7089996cd82d95d767b1a96547979fdb94868f575b02c. Limit type: requests. Current limit: 10, Remaining: 0. Limit resets at: 2026-06-09 13:09:56 UTC","type":"None","param":"None","code":"429"}}），按 skip 处理。
[GAME] 玩家3行动异常（HTTP 429: {"error":{"message":"Rate limit exceeded for api_key: 08064dcbb0d52ce0dfe7089996cd82d95d767b1a96547979fdb94868f575b02c. Limit type: requests. Current limit: 10, Remaining: 0. Limit resets at: 2026-06-09 13:10:00 UTC","type":"None","param":"None","code":"429"}}），按 skip 处理。
    [思维链] 4号(villager): 我是4号平民，没有特殊能力。警长身份虽然重要，但也是狼人重点针对的目标。作为平民，我不应该主动争取警长，这样会让狼人更容易找到我。应该让有特殊能力的好人（如预言家、守卫）来争取警长。我选择不上警，低调观察局势。
    [思维链] 5号(werewolf): Player 12 died, which was our planned kill. Players 1, 2, and 3 skipped due to technical issues (rate limits), so they d
    [思维链] 6号(guard): I am player 6, the Guard. Player 12 died last night. I protected player 3, so player 3 is safe. This implies the wolf ta
[GAME] 【上警】6号竞选发言：Hello everyone. I am player 6. Player 12 died last night. I believe we need to find the Sheriff to guide the game. I am running for Sheriff because I want to ensure we have a clear direction and logical discussion today. I don't have any specific info on who the wolves are yet, but I will listen to everyone's speeches and vote logically. Please support me if you want a fair game.
  [发言] 6号: Hello everyone. I am player 6. Player 12 died last night. I believe we need to find the Sheriff to guide the game. I am 
[GAME] 玩家7行动异常（HTTP 429: {"error":{"message":"Rate limit exceeded for api_key: 08064dcbb0d52ce0dfe7089996cd82d95d767b1a96547979fdb94868f575b02c. Limit type: requests. Current limit: 10, Remaining: 0. Limit resets at: 2026-06-09 13:11:04 UTC","type":"None","param":"None","code":"429"}}），按 skip 处理。
[GAME] 玩家8行动异常（HTTP 429: {"error":{"message":"Rate limit exceeded for api_key: 08064dcbb0d52ce0dfe7089996cd82d95d767b1a96547979fdb94868f575b02c. Limit type: requests. Current limit: 10, Remaining: 0. Limit resets at: 2026-06-09 13:11:08 UTC","type":"None","param":"None","code":"429"}}），按 skip 处理。
[GAME] 玩家9行动异常（HTTP 429: {"error":{"message":"Rate limit exceeded for api_key: 08064dcbb0d52ce0dfe7089996cd82d95d767b1a96547979fdb94868f575b02c. Limit type: requests. Current limit: 10, Remaining: 0. Limit resets at: 2026-06-09 13:11:11 UTC","type":"None","param":"None","code":"429"}}），按 skip 处理。
    [思维链] 10号(werewolf): My teammates 2, 3, and 5 were skipped due to rate limits, so they didn't run for sheriff. Player 6 is running. If I don'
[GAME] 【上警】10号竞选发言：Hello everyone, I am player 10. I am running for sheriff. With player 12 gone, we need a clear leader to guide the discussion. I don't have a specific prediction, but I believe in logical deduction and keeping the game fair. I hope to win your trust and the sheriff badge to help us find the wolves efficiently. Please vote for me.
  [发言] 10号: Hello everyone, I am player 10. I am running for sheriff. With player 12 gone, we need a clear leader to guide the discu
    [思维链] 11号(villager): I am player 11, a villager with no special abilities. Only players 6 and 10 have declared for sheriff so far. As a villa
[GAME] 6 号以 1 票当选警长。
    [思维链] 12号(villager): 作为平民，我昨晚死亡了，需要留下最后的遗言。我应该总结我生前的观察和推理，指出我怀疑的狼人，并分享可能帮助好人阵营的信息。
[GAME] 【遗言】12号：各位，我是 12 号平民，现在留下遗言。我生前观察了所有人的发言和行为，以下是我的一些判断：第一，我认为 5 号玩家的发言前后矛盾，疑似狼人；第二，7 号在关键时刻总是回避投票，行为可疑；第三，我认为狼人应该在后置位玩家中，因为他们的发言往往带有攻击性。我建议好人阵营重点关注 5 号和 7 号。遗言完毕，希望我的死能帮助好人阵营找到狼人。
  [发言] 12号: 各位，我是 12 号平民，现在留下遗言。我生前观察了所有人的发言和行为，以下是我的一些判断：第一，我认为 5 号玩家的发言前后矛盾，疑似狼人；第二，7 号在关键时刻总是回避投票，行为可疑；第三，我认为狼人应该在后置位玩家中，因为他们的发言往
[GAME] 进入自由发言环节。
    [思维链] 1号(hunter): I am Player 1, a Hunter. I missed the Sheriff election due to a technical error (rate limit), so I did not run. Player 6
[GAME] 1号发言：Hello everyone. I am Player 1. Unfortunately, I missed the Sheriff election due to a network issue, so I couldn't run. I respect Player 6 as the Sheriff. Player 12's will mentioned Players 5 and 7. I suggest we listen carefully to their speeches. If they have logical flaws, we should vote them out. I don't have specific information yet, so I will listen and vote logically.
  [发言] 1号: Hello everyone. I am Player 1. Unfortunately, I missed the Sheriff election due to a network issue, so I couldn't run. I
    [思维链] 2号(werewolf): 我是2号狼人，队友是3、5、10。当前警长是6号（好人），这对我方不利。12号遗言中点5号（我的队友）和7号。为了保5号，我需要踩7号，并试图拉踩6号警长的合法性，或者至少表明自己是好人。1号发言比较中立。我应该装作认真分析12号遗言的人，
[GAME] 2号发言：大家好，我是2号。首先尊重6号当选警长，希望警长能带我们好好盘逻辑。关于12号的遗言，他点了5号和7号。我个人觉得12号作为平民，遗言可能带有主观情绪。5号玩家还没发言，我们不应该先入为主地给他定罪，毕竟狼队也可能故意做高5号身份来保他。相比之下，7号玩家刚才全程沉默，这种‘滑水’行为在首夜出人的情况下非常可疑，狼队经常利用不说话来隐藏身份。我建议今天重点听5号和7号的发言，如果7号继续划水或者逻辑不通，我倾向于先出7号。5号如果是好人，应该能自证清白。我先过。
  [发言] 2号: 大家好，我是2号。首先尊重6号当选警长，希望警长能带我们好好盘逻辑。关于12号的遗言，他点了5号和7号。我个人觉得12号作为平民，遗言可能带有主观情绪。5号玩家还没发言，我们不应该先入为主地给他定罪，毕竟狼队也可能故意做高5号身份来保他。相
    [思维链] 3号(werewolf): 我是3号狼人，队友是2、5、10。目前6号是警长（好人），12号遗言指认5号和7号。2号（狼队友）发言中虽然表面上说听5号自证，但倾向于出7号，这是在保护5号。我需要配合2号，继续踩7号，同时为5号辩护或模糊焦点，避免5号被票出。我可以假装
[GAME] 3号发言：大家好，我是3号。首先尊重6号警长。关于12号的遗言，他点了5号和7号。我仔细听了2号的发言，我觉得2号的分析很有道理。7号在竞选环节全程沉默，这种滑水行为确实很可疑，狼队经常这样隐藏身份。而5号虽然被12号点，但12号作为平民，信息有限，可能存在误判。5号还没发言，我们应该给他机会自证，而不是直接定罪。如果5号逻辑清晰，那就是好人；如果7号继续划水或逻辑混乱，我倾向于先出7号。毕竟首夜盲刀12，我们需要通过发言找狼，7号的行为更符合狼队隐藏特征。我暂时认2号的好人面，希望5号能好好发言，自证清白。我先过。
  [发言] 3号: 大家好，我是3号。首先尊重6号警长。关于12号的遗言，他点了5号和7号。我仔细听了2号的发言，我觉得2号的分析很有道理。7号在竞选环节全程沉默，这种滑水行为确实很可疑，狼队经常这样隐藏身份。而5号虽然被12号点，但12号作为平民，信息有限，
    [思维链] 4号(villager): 我是4号平民，需要分析当前局势。12号遗言提到5号和7号可疑，2号和3号都认为7号在竞选环节全程沉默的行为很可疑。5号还没发言。作为平民，我需要客观分析，不盲从也不轻易下定论。7号的沉默确实可疑，但12号作为平民信息有限，可能存在误判。我应
[GAME] 4号发言：大家好，我是4号平民。尊重6号警长。关于12号的遗言，他提到5号和7号可疑。我仔细听了2号和3号的分析，觉得有些道理但不应急于下定论。7号在竞选环节全程沉默，这种滑水行为确实可疑，狼人经常用不说话来隐藏身份。但12号作为平民，信息有限，他的判断可能带有主观性。5号还没发言，我们不应该先入为主地给他定罪。如果5号逻辑清晰、能自证清白，那他就不是狼人；如果7号继续划水或逻辑混乱，那他的狼面就很大。我建议今天先听5号的发言，根据他的表现来判断。狼队可能会利用12号的遗言来引导我们出好人，所以我们需要保持冷静，理性分析。我先过，等5号发言后再仔细判断。
  [发言] 4号: 大家好，我是4号平民。尊重6号警长。关于12号的遗言，他提到5号和7号可疑。我仔细听了2号和3号的分析，觉得有些道理但不应急于下定论。7号在竞选环节全程沉默，这种滑水行为确实可疑，狼人经常用不说话来隐藏身份。但12号作为平民，信息有限，他的
[GAME] 玩家5行动异常（HTTP 429: {"error":{"message":"Rate limit exceeded for api_key: 08064dcbb0d52ce0dfe7089996cd82d95d767b1a96547979fdb94868f575b02c. Limit type: requests. Current limit: 10, Remaining: 0. Limit resets at: 2026-06-09 13:13:16 UTC","type":"None","param":"None","code":"429"}}），按 skip 处理。
[GAME] 5号选择沉默。
    [思维链] 6号(guard): I am Player 6, the Guard and current Sheriff. Player 12 died last night. I protected Player 3, so 3 is safe. This implie
[GAME] 6号发言：I am Player 6, the Sheriff. Player 12 died last night. I protected someone last night, but I won't reveal who. Player 12 suspected 5 and 7. Player 5 had a technical error, so I won't judge him for skipping. Player 7 also skipped, which is suspicious. Player 10 challenged me for Sheriff, so I need to hear your reasoning. I will listen to the remaining players before deciding who to vote out. Please speak clearly.
  [发言] 6号: I am Player 6, the Sheriff. Player 12 died last night. I protected someone last night, but I won't reveal who. Player 12
    [思维链] 7号(villager): 我是7号平民。12号遗言同时指认5号和7号可疑，但5号skip后被警长说是技术问题不追究，而我同样因HTTP 429错误skip却被多人质疑。这种选择性针对不公平。我需要澄清技术问题，并指出狼队可能在利用12号遗言引导舆论。
[GAME] 7号发言：大家好，我是7号平民。首先澄清，我的skip也是技术问题（HTTP 429错误），不是故意滑水。警长6号说5号是技术问题不追究，那我同样情况也应公平对待。其次，12号遗言同时点了5号和7号，但大家只针对我而不质疑5号，这种选择性针对很可疑。狼队可能利用遗言引导舆论针对无辜好人。建议今天先让5号发言自证。我作为平民会配合好人阵营找狼。
  [发言] 7号: 大家好，我是7号平民。首先澄清，我的skip也是技术问题（HTTP 429错误），不是故意滑水。警长6号说5号是技术问题不追究，那我同样情况也应公平对待。其次，12号遗言同时点了5号和7号，但大家只针对我而不质疑5号，这种选择性针对很可疑。
[GAME] 玩家8行动异常（chat_json failed after 5 attempts: no JSON object found in response: line 1 column 1 (char 0)），按 skip 处理。
[GAME] 8号选择沉默。
    [思维链] 9号(seer): 我是9号预言家。昨晚查验5号是狼人。目前局势：12号遗言点5和7。2、3、4号玩家都在带节奏出7号，理由是7号划水（其实是技术异常）。5号也是技术异常没发言。狼队很可能在利用12号的遗言，通过打7号来保5号。既然我验出5号是狼，我必须跳出来
[GAME] 9号发言：我是9号预言家。昨晚我查验了5号玩家，他是狼人。这是金水还是查杀？是查杀。请好人注意，5号是确定的狼人。关于12号的遗言，他点了5和7。现在2、3、4号玩家都在疯狂打7号，说7号划水可疑，但这其实是狼队在转移视线，保他们自己的同伴5号。5号也是技术异常没发言，狼队就是赌大家会先出7号，或者因为5号没发言而忽略他。但我手里有实锤，5号是狼。7号玩家也是技术异常，他的辩解是合理的。请好人今天把票投给5号。至于2、3、4，你们这么急着出7号，是不是因为5号是你们的狼同伴？我今晚还会继续查验，今天必须出5号。
  [发言] 9号: 我是9号预言家。昨晚我查验了5号玩家，他是狼人。这是金水还是查杀？是查杀。请好人注意，5号是确定的狼人。关于12号的遗言，他点了5和7。现在2、3、4号玩家都在疯狂打7号，说7号划水可疑，但这其实是狼队在转移视线，保他们自己的同伴5号。5号
[GAME] 玩家10行动异常（chat_json failed after 5 attempts: no JSON object found in response: line 1 column 1 (char 0)），按 skip 处理。
[GAME] 10号选择沉默。
    [思维链] 11号(villager): 我是11号平民。当前局势：12号遗言点了5号和7号，9号跳预言家查验5号是狼人，2、3、4号都在打7号可疑。我需要理性分析：7号和5号都是技术问题沉默，不应区别对待。9号跳预言家是关键信息。我应该要求9号报具体查验信息，同时关注为何2、3、
[GAME] 11号发言：大家好，我是11号平民。分析当前局势：12号遗言点了5号和7号，9号跳预言家说查验5号是狼人，2、3、4号都在打7号可疑。首先，7号的辩解合理，他和5号都是技术问题沉默，不应区别对待。其次，9号跳预言家查验5号是狼人，这个信息很关键。我有几个问题：第一，9号能否详细说明查验的具体信息？第二，为什么2、3、4号如此急于出7号？如果5号真是狼人，狼队可能利用遗言转移视线。我建议今天重点关注9号的分析，如果9号是真预言家则出5号，如果9号是狼人假跳则要小心。
  [发言] 11号: 大家好，我是11号平民。分析当前局势：12号遗言点了5号和7号，9号跳预言家说查验5号是狼人，2、3、4号都在打7号可疑。首先，7号的辩解合理，他和5号都是技术问题沉默，不应区别对待。其次，9号跳预言家查验5号是狼人，这个信息很关键。我有几
[GAME] 无人投出有效票，本轮无人出局。
[GAME] 玩家6行动异常（HTTP 429: {"error":{"message":"Rate limit exceeded for api_key: 08064dcbb0d52ce0dfe7089996cd82d95d767b1a96547979fdb94868f575b02c. Limit type: requests. Current limit: 10, Remaining: 0. Limit resets at: 2026-06-09 13:16:45 UTC","type":"None","param":"None","code":"429"}}），按 skip 处理。
[WOLF] === 第2夜 狼队商议 ===
[GAME] 玩家2行动异常（HTTP 429: {"error":{"message":"Rate limit exceeded for api_key: 08064dcbb0d52ce0dfe7089996cd82d95d767b1a96547979fdb94868f575b02c. Limit type: requests. Current limit: 10, Remaining: 0. Limit resets at: 2026-06-09 13:16:47 UTC","type":"None","param":"None","code":"429"}}），按 skip 处理。
[GAME] 玩家3行动异常（HTTP 429: {"error":{"message":"Rate limit exceeded for api_key: 08064dcbb0d52ce0dfe7089996cd82d95d767b1a96547979fdb94868f575b02c. Limit type: requests. Current limit: 10, Remaining: 0. Limit resets at: 2026-06-09 13:16:52 UTC","type":"None","param":"None","code":"429"}}），按 skip 处理。
[GAME] 玩家5行动异常（HTTP 429: {"error":{"message":"Rate limit exceeded for api_key: 08064dcbb0d52ce0dfe7089996cd82d95d767b1a96547979fdb94868f575b02c. Limit type: requests. Current limit: 10, Remaining: 0. Limit resets at: 2026-06-09 13:16:59 UTC","type":"None","param":"None","code":"429"}}），按 skip 处理。
[GAME] 玩家10行动异常（HTTP 429: {"error":{"message":"Rate limit exceeded for api_key: 08064dcbb0d52ce0dfe7089996cd82d95d767b1a96547979fdb94868f575b02c. Limit type: requests. Current limit: 10, Remaining: 0. Limit resets at: 2026-06-09 13:17:04 UTC","type":"None","param":"None","code":"429"}}），按 skip 处理。
    [思维链] 2号(werewolf): 9号玩家跳预言家并查杀了我的队友5号，这是狼队目前面临的最大威胁。如果5号被投出，狼队将少一人且暴露身份。因此，今晚必须刀杀9号，以消除这个查杀源，并为5号争取生存空间。队友3、5、10应该也会同意这个策略，因为保护被查杀的队友是当务之急。
    [思维链] 3号(werewolf): 9号跳预言家查杀5号（我的狼队友），这是目前最大的威胁。如果5号被票出，狼队将损失一名队友且暴露身份。因此，今晚必须刀掉9号，消除预言家的威胁，并试图让好人认为9号是诈跳或狼人自爆。虽然7号也被攻击，但刀9号能直接解决查杀危机，保护5号。
